
Memory Configuration

Name             Origin             Length             Attributes
flash            0x08000000         0x08000000         xr
sram             0x20000000         0x01400000         xrw
*default*        0x00000000         0xffffffff

Linker script and memory map


.text           0x08000000      0x304
 *(.vectors*)
 .vectors       0x08000000       0x1c startup.o
                0x08000000                Vectors
 *(.text)
 .text          0x0800001c       0x90 startup.o
                0x0800001c                MM_Handler
                0x0800001c                H_Fault_Handler
                0x0800001c                Default_Handler
                0x0800001c                Usage_Fault_Handler
                0x0800001c                Bus_Handler
                0x0800001c                NMI_Handler
                0x08000028                Rest_Handler
 .text          0x080000ac       0x22 Timer.o
                0x080000ac                Delay
 *fill*         0x080000ce        0x2 
 .text          0x080000d0       0x18 pressure_sensor.o
                0x080000d0                getPressureVal
 .text          0x080000e8      0x144 fifo.o
                0x080000e8                Queue_Create
                0x0800010e                Queue_Append
                0x08000156                Queue_Serve
                0x080001aa                Queue_Empty
                0x080001ca                Queue_Traverse
 .text          0x0800022c       0x50 GPIO.o
                0x0800022c                GPIO_INITIALIZATION
 .text          0x0800027c       0x4c main.o
                0x0800027c                main
 .text          0x080002c8       0x3c Alarm.o
                0x080002c8                Set_Alarm_actuator
 *(.rodata)
                0x08000304                _E_text = .

.glue_7         0x08000304        0x0
 .glue_7        0x08000304        0x0 linker stubs

.glue_7t        0x08000304        0x0
 .glue_7t       0x08000304        0x0 linker stubs

.vfp11_veneer   0x08000304        0x0
 .vfp11_veneer  0x08000304        0x0 linker stubs

.v4_bx          0x08000304        0x0
 .v4_bx         0x08000304        0x0 linker stubs

.iplt           0x08000304        0x0
 .iplt          0x08000304        0x0 startup.o

.rel.dyn        0x08000304        0x0
 .rel.iplt      0x08000304        0x0 startup.o

.data           0x20000000        0x0 load address 0x08000304
                0x20000000                _S_data = .
 *(.data)
 .data          0x20000000        0x0 startup.o
 .data          0x20000000        0x0 Timer.o
 .data          0x20000000        0x0 pressure_sensor.o
 .data          0x20000000        0x0 fifo.o
 .data          0x20000000        0x0 GPIO.o
 .data          0x20000000        0x0 main.o
 .data          0x20000000        0x0 Alarm.o
                0x20000000                . = ALIGN (0x4)
                0x20000000                _E_data = .

.igot.plt       0x20000000        0x0 load address 0x08000304
 .igot.plt      0x20000000        0x0 startup.o

.bss            0x20000000     0x1000 load address 0x08000304
                0x20000000                _S_bss = .
 *(.bss)
 .bss           0x20000000        0x0 startup.o
 .bss           0x20000000        0x0 Timer.o
 .bss           0x20000000        0x0 pressure_sensor.o
 .bss           0x20000000        0x0 fifo.o
 .bss           0x20000000        0x0 GPIO.o
 .bss           0x20000000        0x0 main.o
 .bss           0x20000000        0x0 Alarm.o
 *(.common)
                0x20000000                _E_bss = .
                0x20000000                . = ALIGN (0x4)
                0x20001000                . = (. + 0x1000)
 *fill*         0x20000000     0x1000 
                0x20001000                stack_top = .
LOAD startup.o
LOAD Timer.o
LOAD pressure_sensor.o
LOAD fifo.o
LOAD GPIO.o
LOAD main.o
LOAD Alarm.o
OUTPUT(Pressure_Controller.elf elf32-littlearm)
LOAD linker stubs

.debug_info     0x00000000      0x7c5
 .debug_info    0x00000000      0x1a2 startup.o
 .debug_info    0x000001a2       0xa1 Timer.o
 .debug_info    0x00000243       0xac pressure_sensor.o
 .debug_info    0x000002ef      0x251 fifo.o
 .debug_info    0x00000540       0xa8 GPIO.o
 .debug_info    0x000005e8      0x126 main.o
 .debug_info    0x0000070e       0xb7 Alarm.o

.debug_abbrev   0x00000000      0x40f
 .debug_abbrev  0x00000000       0xe6 startup.o
 .debug_abbrev  0x000000e6       0x55 Timer.o
 .debug_abbrev  0x0000013b       0x53 pressure_sensor.o
 .debug_abbrev  0x0000018e      0x134 fifo.o
 .debug_abbrev  0x000002c2       0x51 GPIO.o
 .debug_abbrev  0x00000313       0x98 main.o
 .debug_abbrev  0x000003ab       0x64 Alarm.o

.debug_loc      0x00000000      0x3aa
 .debug_loc     0x00000000       0x7c startup.o
 .debug_loc     0x0000007c       0x5c Timer.o
 .debug_loc     0x000000d8       0x44 pressure_sensor.o
 .debug_loc     0x0000011c      0x1b4 fifo.o
 .debug_loc     0x000002d0       0x44 GPIO.o
 .debug_loc     0x00000314       0x3a main.o
 .debug_loc     0x0000034e       0x5c Alarm.o

.debug_aranges  0x00000000       0xe0
 .debug_aranges
                0x00000000       0x20 startup.o
 .debug_aranges
                0x00000020       0x20 Timer.o
 .debug_aranges
                0x00000040       0x20 pressure_sensor.o
 .debug_aranges
                0x00000060       0x20 fifo.o
 .debug_aranges
                0x00000080       0x20 GPIO.o
 .debug_aranges
                0x000000a0       0x20 main.o
 .debug_aranges
                0x000000c0       0x20 Alarm.o

.debug_line     0x00000000      0x666
 .debug_line    0x00000000      0x190 startup.o
 .debug_line    0x00000190       0x4b Timer.o
 .debug_line    0x000001db      0x11d pressure_sensor.o
 .debug_line    0x000002f8       0xde fifo.o
 .debug_line    0x000003d6      0x115 GPIO.o
 .debug_line    0x000004eb       0x5f main.o
 .debug_line    0x0000054a      0x11c Alarm.o

.debug_str      0x00000000      0x2b9
 .debug_str     0x00000000      0x16d startup.o
                                0x1aa (size before relaxing)
 .debug_str     0x0000016d       0x21 Timer.o
                                0x13e (size before relaxing)
 .debug_str     0x0000018e       0x21 pressure_sensor.o
                                0x15e (size before relaxing)
 .debug_str     0x000001af       0xbb fifo.o
                                0x1e4 (size before relaxing)
 .debug_str     0x0000026a       0x1b GPIO.o
                                0x158 (size before relaxing)
 .debug_str     0x00000285       0x19 main.o
                                0x16f (size before relaxing)
 .debug_str     0x0000029e       0x1b Alarm.o
                                0x158 (size before relaxing)

.comment        0x00000000       0x49
 .comment       0x00000000       0x49 startup.o
                                 0x4a (size before relaxing)
 .comment       0x00000049       0x4a Timer.o
 .comment       0x00000049       0x4a pressure_sensor.o
 .comment       0x00000049       0x4a fifo.o
 .comment       0x00000049       0x4a GPIO.o
 .comment       0x00000049       0x4a main.o
 .comment       0x00000049       0x4a Alarm.o

.ARM.attributes
                0x00000000       0x2d
 .ARM.attributes
                0x00000000       0x2d startup.o
 .ARM.attributes
                0x0000002d       0x2d Timer.o
 .ARM.attributes
                0x0000005a       0x2d pressure_sensor.o
 .ARM.attributes
                0x00000087       0x2d fifo.o
 .ARM.attributes
                0x000000b4       0x2d GPIO.o
 .ARM.attributes
                0x000000e1       0x2d main.o
 .ARM.attributes
                0x0000010e       0x2d Alarm.o

.debug_frame    0x00000000      0x220
 .debug_frame   0x00000000       0x50 startup.o
 .debug_frame   0x00000050       0x38 Timer.o
 .debug_frame   0x00000088       0x30 pressure_sensor.o
 .debug_frame   0x000000b8       0xd0 fifo.o
 .debug_frame   0x00000188       0x30 GPIO.o
 .debug_frame   0x000001b8       0x30 main.o
 .debug_frame   0x000001e8       0x38 Alarm.o
