
Memory Configuration

Name             Origin             Length             Attributes
flash            0x00000000         0x20000000         xr
sram             0x20000000         0x20000000         xrw
*default*        0x00000000         0xffffffff

Linker script and memory map


.text           0x00000000      0x130
 *(.vectors*)
 .vectors       0x00000000       0x1c startup.o
                0x00000000                p_fun_vectors
 *(.text)
 .text          0x0000001c       0x84 main.o
                0x0000001c                main
 .text          0x000000a0       0x90 startup.o
                0x000000a0                MM_Handler
                0x000000a0                H_Fault_Handler
                0x000000a0                Default_Handler
                0x000000a0                Usage_Fault_Handler
                0x000000a0                Bus_Handler
                0x000000a0                NMI_Handler
                0x000000ac                Rest_Handler
 *(.rodata)
                0x00000130                _E_text = .

.glue_7         0x00000130        0x0
 .glue_7        0x00000130        0x0 linker stubs

.glue_7t        0x00000130        0x0
 .glue_7t       0x00000130        0x0 linker stubs

.vfp11_veneer   0x00000130        0x0
 .vfp11_veneer  0x00000130        0x0 linker stubs

.v4_bx          0x00000130        0x0
 .v4_bx         0x00000130        0x0 linker stubs

.iplt           0x00000130        0x0
 .iplt          0x00000130        0x0 startup.o

.rel.dyn        0x00000130        0x0
 .rel.iplt      0x00000130        0x0 startup.o

.data           0x20000000        0x0 load address 0x00000130
                0x20000000                _S_data = .
 *(.data)
 .data          0x20000000        0x0 main.o
 .data          0x20000000        0x0 startup.o
                0x20000000                . = ALIGN (0x4)
                0x20000000                _E_data = .

.igot.plt       0x20000000        0x0 load address 0x00000130
 .igot.plt      0x20000000        0x0 startup.o

.bss            0x20000000     0x1400 load address 0x00000130
                0x20000000                _S_bss = .
 *(.bss)
 .bss           0x20000000        0x0 main.o
 .bss           0x20000000      0x400 startup.o
 *(.common)
                0x20000400                _E_bss = .
                0x20000400                . = ALIGN (0x4)
                0x20001400                . = (. + 0x1000)
 *fill*         0x20000400     0x1000 
                0x20001400                stack_top = .
LOAD main.o
LOAD startup.o
OUTPUT(lab4.elf elf32-littlearm)
LOAD linker stubs

.debug_info     0x00000000      0x24e
 .debug_info    0x00000000       0xa3 main.o
 .debug_info    0x000000a3      0x1ab startup.o

.debug_abbrev   0x00000000      0x141
 .debug_abbrev  0x00000000       0x5e main.o
 .debug_abbrev  0x0000005e       0xe3 startup.o

.debug_loc      0x00000000       0xb4
 .debug_loc     0x00000000       0x38 main.o
 .debug_loc     0x00000038       0x7c startup.o

.debug_aranges  0x00000000       0x40
 .debug_aranges
                0x00000000       0x20 main.o
 .debug_aranges
                0x00000020       0x20 startup.o

.debug_line     0x00000000      0x157
 .debug_line    0x00000000       0x9a main.o
 .debug_line    0x0000009a       0xbd startup.o

.debug_str      0x00000000      0x190
 .debug_str     0x00000000      0x10c main.o
                                0x145 (size before relaxing)
 .debug_str     0x0000010c       0x84 startup.o
                                0x1ac (size before relaxing)

.comment        0x00000000       0x49
 .comment       0x00000000       0x49 main.o
                                 0x4a (size before relaxing)
 .comment       0x00000049       0x4a startup.o

.ARM.attributes
                0x00000000       0x2e
 .ARM.attributes
                0x00000000       0x2e main.o
 .ARM.attributes
                0x0000002e       0x2e startup.o

.debug_frame    0x00000000       0x7c
 .debug_frame   0x00000000       0x2c main.o
 .debug_frame   0x0000002c       0x50 startup.o
