
Memory Configuration

Name             Origin             Length             Attributes
Mem              0x00000000         0x04000000         xrw
*default*        0x00000000         0xffffffff

Linker script and memory map

                0x00010000                . = 0x10000

.startup        0x00010000       0x10
 startup.o(.text)
 .text          0x00010000       0x10 startup.o
                0x00010000                reset

.text           0x00010010       0x80
 *(.text)
 .text          0x00010010       0x28 main.o
                0x00010010                main
 .text          0x00010038       0x58 uart.o
                0x00010038                UART_SEND_STRING

.glue_7         0x00010090        0x0
 .glue_7        0x00010090        0x0 linker stubs

.glue_7t        0x00010090        0x0
 .glue_7t       0x00010090        0x0 linker stubs

.vfp11_veneer   0x00010090        0x0
 .vfp11_veneer  0x00010090        0x0 linker stubs

.v4_bx          0x00010090        0x0
 .v4_bx         0x00010090        0x0 linker stubs

.iplt           0x00010090        0x0
 .iplt          0x00010090        0x0 startup.o

.rel.dyn        0x00010090        0x0
 .rel.iplt      0x00010090        0x0 startup.o

.data           0x00010090       0x64
 *(.data)
 .data          0x00010090        0x0 startup.o
 .data          0x00010090       0x64 main.o
                0x00010090                str
 .data          0x000100f4        0x0 uart.o

.igot.plt       0x000100f4        0x0
 .igot.plt      0x000100f4        0x0 startup.o

.bss            0x000100f4        0x0
 *(.bss)
 .bss           0x000100f4        0x0 startup.o
 .bss           0x000100f4        0x0 main.o
 .bss           0x000100f4        0x0 uart.o
 *(.common)
                0x000110f4                . = (. + 0x1000)
                0x000110f4                stack_top = .
LOAD main.o
LOAD startup.o
LOAD uart.o
OUTPUT(a.out elf32-littlearm)
LOAD linker stubs

.ARM.attributes
                0x00000000       0x26
 .ARM.attributes
                0x00000000       0x12 startup.o
 .ARM.attributes
                0x00000012       0x2a main.o
 .ARM.attributes
                0x0000003c       0x2a uart.o

.comment        0x00000000       0x49
 .comment       0x00000000       0x49 main.o
                                 0x4a (size before relaxing)
 .comment       0x00000049       0x4a uart.o

.debug_line     0x00000000       0xc4
 .debug_line    0x00000000       0x3a startup.o
 .debug_line    0x0000003a       0x3c main.o
 .debug_line    0x00000076       0x4e uart.o

.debug_info     0x00000000       0xf2
 .debug_info    0x00000000       0x26 startup.o
 .debug_info    0x00000026       0x73 main.o
 .debug_info    0x00000099       0x59 uart.o

.debug_abbrev   0x00000000       0xd4
 .debug_abbrev  0x00000000       0x14 startup.o
 .debug_abbrev  0x00000014       0x6b main.o
 .debug_abbrev  0x0000007f       0x55 uart.o

.debug_aranges  0x00000000       0x60
 .debug_aranges
                0x00000000       0x20 startup.o
 .debug_aranges
                0x00000020       0x20 main.o
 .debug_aranges
                0x00000040       0x20 uart.o

.debug_str      0x00000000      0x15c
 .debug_str     0x00000000       0x57 startup.o
 .debug_str     0x00000057       0x80 main.o
                                 0xbf (size before relaxing)
 .debug_str     0x000000d7       0x85 uart.o
                                 0xd2 (size before relaxing)

.debug_frame    0x00000000       0x64
 .debug_frame   0x00000000       0x34 main.o
 .debug_frame   0x00000034       0x30 uart.o
