
Memory Configuration

Name             Origin             Length             Attributes
Mem              0x00000000         0x04000000         xrw
*default*        0x00000000         0xffffffff

Linker script and memory map

                0x00010000                . = 0x10000

.startup        0x00010000        0xc
 startup.o(.text)
 .text          0x00010000        0xc startup.o

.text           0x0001000c       0x78
 *(.text)
 .text          0x0001000c       0x20 main.o
                0x0001000c                main
 .text          0x0001002c       0x58 uart.o
                0x0001002c                UART_SEND_STRING

.glue_7         0x00010084        0x0
 .glue_7        0x00010084        0x0 linker stubs

.glue_7t        0x00010084        0x0
 .glue_7t       0x00010084        0x0 linker stubs

.vfp11_veneer   0x00010084        0x0
 .vfp11_veneer  0x00010084        0x0 linker stubs

.v4_bx          0x00010084        0x0
 .v4_bx         0x00010084        0x0 linker stubs

.iplt           0x00010084        0x0
 .iplt          0x00010084        0x0 startup.o

.rel.dyn        0x00010084        0x0
 .rel.iplt      0x00010084        0x0 startup.o

.data           0x00010084       0x64
 *(.data)
 .data          0x00010084        0x0 startup.o
 .data          0x00010084       0x64 main.o
                0x00010084                str
 .data          0x000100e8        0x0 uart.o

.igot.plt       0x000100e8        0x0
 .igot.plt      0x000100e8        0x0 startup.o

.bss            0x000100e8        0x0
 *(.bss)
 .bss           0x000100e8        0x0 startup.o
 .bss           0x000100e8        0x0 main.o
 .bss           0x000100e8        0x0 uart.o
 *(.common)
                0x000110e8                . = (. + 0x1000)
                0x000110e8                stack_top = .
LOAD main.o
LOAD startup.o
LOAD uart.o
OUTPUT(embedded.elf elf32-littlearm)
LOAD linker stubs

.vectors        0x00000000       0x30
 .vectors       0x00000000       0x30 startup.o

.ARM.attributes
                0x00000000       0x28
 .ARM.attributes
                0x00000000       0x16 startup.o
 .ARM.attributes
                0x00000016       0x2c main.o
 .ARM.attributes
                0x00000042       0x2c uart.o

.comment        0x00000000       0x49
 .comment       0x00000000       0x49 main.o
                                 0x4a (size before relaxing)
 .comment       0x00000049       0x4a uart.o

.debug_line     0x00000000       0xc5
 .debug_line    0x00000000       0x3b startup.o
 .debug_line    0x0000003b       0x3c main.o
 .debug_line    0x00000077       0x4e uart.o

.debug_info     0x00000000       0xf2
 .debug_info    0x00000000       0x26 startup.o
 .debug_info    0x00000026       0x73 main.o
 .debug_info    0x00000099       0x59 uart.o

.debug_abbrev   0x00000000       0xd4
 .debug_abbrev  0x00000000       0x14 startup.o
 .debug_abbrev  0x00000014       0x6b main.o
 .debug_abbrev  0x0000007f       0x55 uart.o

.debug_aranges  0x00000000       0x60
 .debug_aranges
                0x00000000       0x20 startup.o
 .debug_aranges
                0x00000020       0x20 main.o
 .debug_aranges
                0x00000040       0x20 uart.o

.debug_str      0x00000000       0xff
 .debug_str     0x00000000       0x57 startup.o
 .debug_str     0x00000057       0x84 main.o
                                 0xc3 (size before relaxing)
 .debug_str     0x000000db       0x24 uart.o
                                 0xce (size before relaxing)

.debug_frame    0x00000000       0x5c
 .debug_frame   0x00000000       0x2c main.o
 .debug_frame   0x0000002c       0x30 uart.o
